13:42:30 **** Incremental Build of configuration Debug for project Lab6_PWM ****
make -j4 all 
arm-none-eabi-gcc "../Core/Src/main.c" -mcpu=cortex-m4 -std=gnu11 -g3 -DDEBUG -DUSE_HAL_DRIVER -DSTM32F401xE -c -I../Core/Inc -I../Drivers/STM32F4xx_HAL_Driver/Inc -I../Drivers/STM32F4xx_HAL_Driver/Inc/Legacy -I../Drivers/CMSIS/Device/ST/STM32F4xx/Include -I../Drivers/CMSIS/Include -O0 -ffunction-sections -fdata-sections -Wall -fstack-usage -fcyclomatic-complexity -MMD -MP -MF"Core/Src/main.d" -MT"Core/Src/main.o" --specs=nano.specs -mfpu=fpv4-sp-d16 -mfloat-abi=hard -mthumb -o "Core/Src/main.o"
arm-none-eabi-gcc -o "Lab6_PWM.elf" @"objects.list"   -mcpu=cortex-m4 -T"C:\Users\Besan\Documents\GitHub\Enchipsdatorer_VT2022\Lab6_PWM\STM32F401RETX_FLASH.ld" --specs=nosys.specs -Wl,-Map="Lab6_PWM.map" -Wl,--gc-sections -static --specs=nano.specs -mfpu=fpv4-sp-d16 -mfloat-abi=hard -mthumb -Wl,--start-group -lc -lm -Wl,--end-group
Finished building target: Lab6_PWM.elf
 
arm-none-eabi-size  Lab6_PWM.elf 
arm-none-eabi-objdump -h -S Lab6_PWM.elf  > "Lab6_PWM.list"
   text	   data	    bss	    dec	    hex	filename
  18288	     12	   1724	  20024	   4e38	Lab6_PWM.elf
Finished building: default.size.stdout
 
Finished building: Lab6_PWM.list
 
13:42:46 **** Incremental Build of configuration Debug for project Lab6_PWM ****
make -j4 all 
arm-none-eabi-size  Lab6_PWM.elf 
   text	   data	    bss	    dec	    hex	filename
  18288	     12	   1724	  20024	   4e38	Lab6_PWM.elf
Finished building: default.size.stdout
 
